[2026-07-23 10:15:17] 服务启动
[2026-07-23 10:20:31] 首音→STT返回: 12.11s text=现在是几点了？
[2026-07-23 10:20:31] 首音→首句播报: 12.11s text=
[2026-07-23 10:20:36] 首音→首句播报: 16.80s text=
[2026-07-23 10:20:46] 首音→STT返回: 26.43s text=今天天气怎么样呢？
[2026-07-23 10:20:46] 首音→首句播报: 26.43s text=
[2026-07-23 10:21:21] 首音→STT返回: 61.28s text=帮我把灯打开
[2026-07-23 10:21:21] 首音→首句播报: 61.28s text=
[2026-07-23 10:21:31] 首音→STT返回: 71.26s text=帮我定一个一分钟的闹钟
[2026-07-23 10:21:31] 首音→首句播报: 71.27s text=
[2026-07-23 10:21:38] 首音→STT返回: 78.67s text=帮我关闭闹钟
[2026-07-23 10:21:38] 首音→首句播报: 78.68s text=
[2026-07-23 10:21:59] 首音→STT返回: 100.17s text=帮我把台灯关闭
[2026-07-23 10:21:59] 首音→首句播报: 100.17s text=
[2026-07-23 10:22:23] 首音→STT返回: 123.23s text=把灯调暗一格
[2026-07-23 10:22:23] 首音→首句播报: 123.23s text=
[2026-07-23 10:22:47] 首音→STT返回: 147.26s text=好的，帮我调到弱光
[2026-07-23 10:22:47] 首音→首句播报: 147.26s text=
[2026-07-23 10:45:42] 服务启动
[2026-07-23 10:46:28] 首音→STT返回: 5.67s text=现在是几点了？
[2026-07-23 10:46:28] 首音→首句播报: 5.67s text=
[2026-07-23 10:46:31] 首音→首句播报: 8.54s text=
[2026-07-23 10:46:45] 首音→STT返回: 22.08s text=给我背一首古诗
[2026-07-23 10:46:45] 首音→首句播报: 22.08s text=
[2026-07-23 10:47:00] 首音→STT返回: 37.42s text=请帮我设定一个一分钟的闹钟
[2026-07-23 10:47:00] 首音→首句播报: 37.42s text=
[2026-07-23 10:47:17] 首音→STT返回: 54.01s text=请帮我把闹钟关闭
[2026-07-23 10:47:17] 首音→首句播报: 54.01s text=
[2026-07-23 10:49:27] 首音→首句播报: 184.33s text=
[2026-07-23 10:50:16] 首音→STT返回: 233.49s text=你好，灵犀
[2026-07-23 10:50:16] 首音→首句播报: 233.49s text=
[2026-07-23 10:50:17] 首音→首句播报: 234.50s text=
[2026-07-23 10:50:23] 首音→STT返回: 239.75s text=帮我设一个一分钟的闹钟
[2026-07-23 10:50:23] 首音→首句播报: 239.76s text=
[2026-07-23 10:50:36] 首音→STT返回: 253.29s text=请帮我设定一个5分钟的闹钟
[2026-07-23 10:50:36] 首音→首句播报: 253.29s text=
[2026-07-23 10:50:49] 首音→STT返回: 266.17s text=请帮我把闹钟关闭
[2026-07-23 10:50:49] 首音→首句播报: 266.17s text=
[2026-07-23 10:51:12] 服务启动
[2026-07-23 10:51:33] 首音→STT返回: 6.37s text=请帮我设一个一分钟的闹钟
[2026-07-23 10:51:33] 首音→首句播报: 6.37s text=
[2026-07-23 10:51:34] 首音→首句播报: 7.57s text=
[2026-07-23 10:51:40] 首音→STT返回: 13.58s text=请帮我把闹钟关闭
[2026-07-23 10:51:40] 首音→首句播报: 13.58s text=
[2026-07-23 10:51:52] 首音→STT返回: 25.68s text=请帮我把台灯打开
[2026-07-23 10:51:52] 首音→首句播报: 25.69s text=
[2026-07-23 10:56:49] 服务启动
[2026-07-23 10:57:10] 首音→STT返回: 9.09s text=请帮我设一个5分钟的闹钟
[2026-07-23 10:57:10] 首音→首句播报: 9.10s text=
[2026-07-23 10:57:12] 首音→首句播报: 10.65s text=
[2026-07-23 10:57:25] 首音→STT返回: 24.14s text=请帮我设定一个一分钟的闹钟
[2026-07-23 10:57:25] 首音→首句播报: 24.15s text=
[2026-07-23 10:57:35] 首音→STT返回: 33.58s text=请帮我关闭闹钟
[2026-07-23 10:57:35] 首音→首句播报: 33.58s text=
[2026-07-23 10:57:59] 首音→STT返回: 57.57s text=请帮我把闹钟取消
[2026-07-23 10:57:59] 首音→首句播报: 57.57s text=
[2026-07-23 11:00:51] 首音→STT返回: 5.11s text=请帮我设1个12分钟的闹钟
[2026-07-23 11:00:51] 首音→首句播报: 5.12s text=
[2026-07-23 11:00:52] 首音→首句播报: 6.49s text=
[2026-07-23 11:01:06] 首音→STT返回: 19.92s text=请帮我设定1个12分钟的计时
[2026-07-23 11:01:06] 首音→首句播报: 19.92s text=
[2026-07-23 11:01:31] 首音→STT返回: 45.03s text=请帮我关闭技时
[2026-07-23 11:01:31] 首音→首句播报: 45.03s text=
[2026-07-23 16:21:44] 服务启动
[2026-07-23 16:23:49] 服务启动
[2026-07-23 16:24:26] 首音→STT返回: 5.41s text=帮我设一个一分钟的闹钟
[2026-07-23 16:24:26] 首音→首句播报: 5.41s text=
[2026-07-23 16:24:34] 首音→首句播报: 13.66s text=
[2026-07-23 16:24:56] 首音→STT返回: 35.49s text=帮我关闭闹钟
[2026-07-23 16:24:56] 首音→首句播报: 35.49s text=
[2026-07-23 16:59:07] 服务启动
[2026-07-23 17:00:11] 首音→STT返回: 21.22s text=我不知道为什么出是USB默默也会有USB
[2026-07-23 17:00:11] 首音→首句播报: 21.22s text=
[2026-07-23 17:00:15] 首音→STT返回: 25.35s text=这个UIC直接锁不干什
[2026-07-23 17:00:15] 首音→首句播报: 25.35s text=
[2026-07-23 17:00:16] 首音→首句播报: 26.46s text=
[2026-07-23 17:00:47] 首音→STT返回: 57.08s text=你帮我把灯光调亮一点
[2026-07-23 17:00:47] 首音→首句播报: 57.08s text=
[2026-07-23 17:01:07] 首音→STT返回: 77.24s text=平河想走两天了
[2026-07-23 17:01:07] 首音→首句播报: 77.24s text=
[2026-07-23 17:01:35] 首音→STT返回: 105.06s text=You
[2026-07-23 17:01:35] 首音→首句播报: 105.06s text=
[2026-07-23 17:01:59] 首音→STT返回: 128.79s text=这
[2026-07-23 17:01:59] 首音→首句播报: 128.79s text=
[2026-07-23 17:02:03] 首音→STT返回: 133.23s text=没实的话也可以就
[2026-07-23 17:02:03] 首音→首句播报: 133.23s text=
[2026-07-23 17:02:07] 首音→STT返回: 137.54s text=或者如说你看你可以那个现在灯光太太亮了
[2026-07-23 17:02:07] 首音→首句播报: 137.54s text=
[2026-07-23 17:02:10] 首音→STT返回: 140.08s text=高我强一点
[2026-07-23 17:02:10] 首音→首句播报: 140.08s text=
[2026-07-23 17:02:16] 首音→STT返回: 145.88s text=现在灯光太亮了，帮我调暗一点
[2026-07-23 17:02:16] 首音→首句播报: 145.89s text=
[2026-07-23 17:02:34] 首音→STT返回: 5.37s text=啊，现在你还是调到功能
[2026-07-23 17:02:34] 首音→首句播报: 5.38s text=
[2026-07-23 17:02:36] 首音→STT返回: 7.96s text=灯光还是亮
[2026-07-23 17:02:36] 首音→首句播报: 7.96s text=
[2026-07-23 17:02:38] 首音→首句播报: 9.07s text=
[2026-07-23 17:02:52] 首音→STT返回: 23.77s text=再调暗一点
[2026-07-23 17:02:52] 首音→首句播报: 23.77s text=
[2026-07-23 17:03:12] 首音→STT返回: 43.79s text=为什么天空是蓝色的？
[2026-07-23 17:03:12] 首音→首句播报: 43.79s text=
[2026-07-23 17:03:52] 首音→STT返回: 83.51s text=这这不都是同疫行动，主要就是行动
[2026-07-23 17:03:52] 首音→首句播报: 83.51s text=
[2026-07-23 17:03:58] 首音→STT返回: 89.22s text=比如说什么到你帮我设定一个5分钟的闹钟
[2026-07-23 17:03:58] 首音→首句播报: 89.23s text=
[2026-07-23 17:04:24] 首音→STT返回: 115.83s text=你帮我把台灯关闭，然后闹钟也关闭
[2026-07-23 17:04:24] 首音→首句播报: 115.83s text=
[2026-07-23 17:04:34] 首音→STT返回: 125.16s text=就是我现背的是一个一个的
[2026-07-23 17:04:34] 首音→首句播报: 125.16s text=
[2026-07-23 17:09:44] 首音→STT返回: 7.23s text=呃，请你告诉我杭州今天的天气怎么样
[2026-07-23 17:09:44] 首音→首句播报: 7.24s text=
[2026-07-23 17:09:46] 首音→首句播报: 8.77s text=
[2026-07-23 17:10:31] 首音→STT返回: 54.32s text=现在就嗯
[2026-07-23 17:10:31] 首音→首句播报: 54.32s text=
[2026-07-23 17:20:21] 首音→STT返回: 643.65s text=Okay
[2026-07-23 17:20:21] 首音→首句播报: 643.65s text=
[2026-07-23 17:20:27] 首音→STT返回: 649.39s text=一件短袖可以
[2026-07-23 17:20:27] 首音→首句播报: 649.39s text=
[2026-07-23 17:20:28] 首音→首句播报: 651.00s text=
[2026-07-23 17:20:47] 首音→STT返回: 669.94s text=明天我穿羽绒服可以吗？
[2026-07-23 17:20:47] 首音→首句播报: 669.94s text=
[2026-07-23 17:23:04] 首音→STT返回: 107.07s text=帮我查一下萧山区现在的天气如何
[2026-07-23 17:23:04] 首音→首句播报: 107.08s text=
[2026-07-23 17:23:05] 首音→首句播报: 108.60s text=
[2026-07-23 17:23:48] 首音→STT返回: 5.85s text=你帮我查一下浙江诸暨的天气如何
[2026-07-23 17:23:48] 首音→首句播报: 5.85s text=
[2026-07-23 17:24:35] 首音→STT返回: 53.35s text=你在这个地方他他他才觉得有有问题
[2026-07-23 17:24:35] 首音→首句播报: 53.36s text=
[2026-07-24 14:17:33] 服务启动
[2026-07-24 14:18:46] 首音→STT返回: 7.72s text=嗯，杭州明天的天气如何？
[2026-07-24 14:18:46] 首音→首句播报: 7.72s text=
[2026-07-24 14:18:49] 首音→首句播报: 10.59s text=
[2026-07-24 14:19:12] 首音→STT返回: 34.11s text=明天我又打伞了
[2026-07-24 14:19:12] 首音→首句播报: 34.11s text=
[2026-07-24 14:19:43] 首音→STT返回: 64.63s text=你好，灵犀，帮我介绍一下题西林壁这首诗
[2026-07-24 14:19:43] 首音→首句播报: 64.63s text=
[2026-07-24 14:20:13] 首音→STT返回: 94.72s text=我把东北啊
[2026-07-24 14:20:13] 首音→首句播报: 94.73s text=
[2026-07-24 14:20:43] 首音→STT返回: 124.69s text=帮我把台灯打开
[2026-07-24 14:20:43] 首音→首句播报: 124.69s text=
[2026-07-24 14:21:03] 首音→STT返回: 144.97s text=你这光太亮了
[2026-07-24 14:21:03] 首音→首句播报: 144.97s text=
[2026-07-24 14:21:21] 首音→STT返回: 163.13s text=我让你把光线降一档
[2026-07-24 14:21:21] 首音→首句播报: 163.13s text=
[2026-07-24 14:21:29] 首音→STT返回: 170.46s text=他话说现在收音这么困难
[2026-07-24 14:21:29] 首音→首句播报: 170.47s text=
[2026-07-24 14:21:34] 首音→STT返回: 176.10s text=是电脑，你不是必须要喊的很响吗
[2026-07-24 14:21:34] 首音→首句播报: 176.10s text=
[2026-07-24 14:21:37] 首音→STT返回: 178.91s text=啊，这个就是
[2026-07-24 14:21:37] 首音→首句播报: 178.91s text=
[2026-07-24 14:21:46] 首音→STT返回: 187.39s text=激活只不过是因因为有的时候我那边测试有杂音，这背景音我不想让
[2026-07-24 14:21:46] 首音→首句播报: 187.41s text=
[2026-07-24 14:21:49] 首音→STT返回: 191.05s text=就是就是
[2026-07-24 14:21:49] 首音→首句播报: 191.06s text=
[2026-07-24 14:22:00] 首音→STT返回: 202.33s text=这个嗯这边是无所谓，这个到时候的话，因为我觉得声音量可以降低
[2026-07-24 14:22:00] 首音→首句播报: 202.33s text=
[2026-07-24 14:22:05] 首音→STT返回: 206.93s text=不用到时候对呀，你就不要到时候了，就没有到时候现在
[2026-07-24 14:22:05] 首音→首句播报: 206.93s text=
[2026-07-24 14:22:13] 首音→STT返回: 3.86s text=我只是上线一小点东
[2026-07-24 14:22:13] 首音→首句播报: 3.87s text=
[2026-07-24 14:22:20] 首音→STT返回: 2.87s text=你好，林夕
[2026-07-24 14:22:20] 首音→首句播报: 2.87s text=
[2026-07-24 14:22:30] 首音→STT返回: 12.84s text=帮我把灯光调亮一点
[2026-07-24 14:22:30] 首音→首句播报: 12.84s text=
[2026-07-24 14:23:08] 首音→STT返回: 50.18s text=隐约一下吧，我觉得就是上周说的哪些功能去实现了，哪些还没实现
[2026-07-24 14:23:08] 首音→首句播报: 50.19s text=
[2026-07-24 14:23:11] 首音→STT返回: 53.17s text=Yes
[2026-07-24 14:23:11] 首音→首句播报: 53.17s text=
[2026-07-24 14:35:33] 服务启动
[2026-07-24 14:37:31] 服务启动
[2026-07-24 14:48:55] 首音→STT返回: 284.32s text=犀
[2026-07-24 14:48:55] 首音→首句播报: 284.33s text=
[2026-07-24 14:49:06] 首音→STT返回: 294.90s text=打开台灯打开台灯
[2026-07-24 14:49:06] 首音→首句播报: 294.90s text=
[2026-07-24 14:49:07] 首音→首句播报: 296.46s text=
[2026-07-24 14:49:37] 首音→STT返回: 325.55s text=现在考个如果加意图识别的话，是度会就是只有异图识别那个成。单
[2026-07-24 14:49:37] 首音→首句播报: 325.55s text=
[2026-07-24 14:49:44] 首音→STT返回: 332.51s text=实现嘛增亮，他就可以立马有响应的一些铺垫啊什么都可以
[2026-07-24 14:49:44] 首音→首句播报: 332.52s text=
[2026-07-24 14:51:36] 首音→STT返回: 445.00s text=那 you什
[2026-07-24 14:51:36] 首音→首句播报: 445.01s text=
[2026-07-24 14:51:41] 首音→STT返回: 449.79s text=今天语文课学习的题心林壁，我不太懂
[2026-07-24 14:51:41] 首音→首句播报: 449.80s text=
[2026-07-24 14:51:42] 首音→首句播报: 451.24s text=
[2026-07-24 14:52:03] 首音→STT返回: 471.52s text=对看一下哪边卡住了。对我这边测没有么
[2026-07-24 14:52:03] 首音→首句播报: 471.53s text=
[2026-07-24 14:52:39] 首音→STT返回: 508.28s text=我怀疑是大模型的问题
[2026-07-24 14:52:39] 首音→首句播报: 508.28s text=
[2026-07-24 14:52:45] 首音→STT返回: 513.63s text=就是这个慢了。第一个问题我解决就是看
[2026-07-24 14:52:45] 首音→首句播报: 513.63s text=
[2026-07-24 14:52:48] 首音→STT返回: 516.59s text=就是最好是我
[2026-07-24 14:52:48] 首音→首句播报: 516.60s text=
[2026-07-24 14:52:51] 首音→STT返回: 520.05s text=我怀疑你今天那个
[2026-07-24 14:52:51] 首音→首句播报: 520.06s text=
[2026-07-24 14:53:05] 首音→STT返回: 8.17s text=比如开灯关灯关关呃，请把开灯关闭
[2026-07-24 14:53:05] 首音→首句播报: 8.17s text=
[2026-07-24 14:53:36] 首音→STT返回: 39.43s text=帮我设一个5分钟的闹钟
[2026-07-24 14:53:36] 首音→首句播报: 39.43s text=
[2026-07-24 14:54:23] 首音→STT返回: 86.36s text=这就帮你设计什么嘛，对吧？然后不再做嘛？做完之后，你就又再下
[2026-07-24 14:54:23] 首音→首句播报: 86.36s text=
[2026-07-24 14:54:30] 首音→STT返回: 93.11s text=比如您设置了闹钟，然后将于什么什么什么，如果啰嗦一点的话，就
[2026-07-24 14:54:30] 首音→首句播报: 93.11s text=
[2026-07-24 14:54:54] 首音→STT返回: 117.52s text=他每次你都会先说我在，然后或者说是收到或者好的，他就搞了一堆
[2026-07-24 14:54:54] 首音→首句播报: 117.52s text=
[2026-07-24 14:55:22] 首音→STT返回: 145.62s text=我在想想最好做到快速的响应。然后呢，呃业务上的这种操作上，你
[2026-07-24 14:55:22] 首音→首句播报: 145.63s text=
[2026-07-24 14:55:32] 首音→STT返回: 154.82s text=因为对用户而言，他交互的过程中最最希望的就是而不是就是如果断
[2026-07-24 14:55:32] 首音→首句播报: 154.82s text=
[2026-07-24 14:55:40] 首音→STT返回: 2.15s text=想要完整的
[2026-07-24 14:55:40] 首音→首句播报: 2.15s text=
[2026-07-24 14:55:58] 首音→STT返回: 19.97s text=今天语文课学习个题西林壁，我不太理解这首诗
[2026-07-24 14:55:58] 首音→首句播报: 19.98s text=
[2026-07-24 14:57:08] 首音→STT返回: 90.29s text=灵犀直线射线和线段有什么区别？
[2026-07-24 14:57:08] 首音→首句播报: 90.29s text=
[2026-07-24 14:57:16] 首音→STT返回: 98.38s text=看错林夕之前我还学习过苏轼哪呃苏轼的其他诗词吗？
[2026-07-24 14:57:16] 首音→首句播报: 98.38s text=
[2026-07-24 14:58:06] 首音→STT返回: 148.43s text=取消和定时，还有包括改，然后灯光的亮度的档位的调节也可以
[2026-07-24 14:58:06] 首音→首句播报: 148.44s text=
[2026-07-24 14:58:17] 首音→STT返回: 6.03s text=呃，你好，灵犀，帮我设一个5分钟的闹钟
[2026-07-24 14:58:17] 首音→首句播报: 6.03s text=
[2026-07-24 14:58:28] 首音→STT返回: 17.38s text=你好，灵夕，帮我取消闹钟
[2026-07-24 14:58:28] 首音→首句播报: 17.40s text=
[2026-07-24 14:58:36] 首音→STT返回: 25.41s text=你好，灵犀，帮我把台灯打开
[2026-07-24 14:58:36] 首音→首句播报: 25.41s text=
[2026-07-24 14:58:51] 首音→STT返回: 40.19s text=啊，说因为我在打，因为我在打断他
[2026-07-24 14:58:51] 首音→首句播报: 40.19s text=
[2026-07-24 14:59:20] 首音→STT返回: 69.08s text=哦，刚才那个确定没忘了忘记了
[2026-07-24 14:59:20] 首音→首句播报: 69.09s text=
[2026-07-24 14:59:26] 首音→STT返回: 75.46s text=呃，你好，灵犀，帮我把台灯调暗一个档位
[2026-07-24 14:59:26] 首音→首句播报: 75.47s text=
[2026-07-24 14:59:39] 首音→STT返回: 88.03s text=你好，林居再帮我调战一个档位
[2026-07-24 14:59:39] 首音→首句播报: 88.03s text=
[2026-07-24 15:00:14] 首音→STT返回: 123.23s text=呃，你好，灵犀呃，杭杭州明天的天气如何？我需要带伞吗？
[2026-07-24 15:00:14] 首音→首句播报: 123.23s text=
[2026-07-24 15:03:32] 服务启动
[2026-07-24 15:04:33] 服务启动
[2026-07-24 15:05:04] 服务启动
[2026-07-24 15:05:44] 首音→STT返回: 2.68s text=他回答你了
[2026-07-24 15:05:44] 首音→首句播报: 2.68s text=
[2026-07-24 15:05:49] 首音→STT返回: 8.05s text=做我做你上周到底干啥嗯
[2026-07-24 15:05:49] 首音→首句播报: 8.06s text=
[2026-07-24 15:05:51] 首音→首句播报: 9.49s text=
[2026-07-24 15:06:46] 首音→STT返回: 64.46s text=到时移动按家APP后面上面上一个你聊过之后，家长也可以去看他
[2026-07-24 15:06:46] 首音→首句播报: 64.46s text=
[2026-07-24 15:06:52] 首音→STT返回: 71.01s text=吧不管出于什么目的，是问问题啊，还是呃出于目的去聊嗯嗯啊
[2026-07-24 15:06:52] 首音→首句播报: 71.01s text=
[2026-07-24 15:06:56] 首音→STT返回: 74.91s text=那，这是点问题。然
[2026-07-24 15:06:56] 首音→首句播报: 74.91s text=
[2026-07-24 15:07:02] 首音→STT返回: 80.87s text=再把记录留下来嘛，可以做一个
[2026-07-24 15:07:02] 首音→首句播报: 80.88s text=
[2026-07-24 15:07:24] 首音→STT返回: 102.48s text=副作为家长的角度应该是可以去看他到底跟聊了什么。嗯，然后呃在
[2026-07-24 15:07:24] 首音→首句播报: 102.49s text=
[2026-07-24 15:08:35] 首音→STT返回: 2.19s text=你用一副装
[2026-07-24 15:08:35] 首音→首句播报: 2.19s text=
[2026-07-24 15:08:39] 首音→STT返回: 6.53s text=山或者纯粹工程，我也不管。对
[2026-07-24 15:08:39] 首音→首句播报: 6.53s text=
[2026-07-24 15:08:43] 首音→STT返回: 10.31s text=因因为对用户呃
[2026-07-24 15:08:43] 首音→首句播报: 10.31s text=
[2026-07-24 15:08:51] 首音→STT返回: 18.77s text=后面可能包了纯粹一个对话框，我能跟你聊天。对我我去说话，我哪
[2026-07-24 15:08:51] 首音→首句播报: 18.77s text=
[2026-07-24 15:09:00] 首音→STT返回: 27.15s text=那无非你在对呃呃在比如说在我们自己自己的个公司内部做材料的时
[2026-07-24 15:09:00] 首音→首句播报: 27.16s text=
[2026-07-24 15:09:03] 首音→STT返回: 30.22s text=嗯
[2026-07-24 15:09:03] 首音→首句播报: 30.22s text=
[2026-07-24 15:09:04] 首音→首句播报: 31.86s text=
[2026-07-24 15:26:53] 首音→首句播报: 0.01s text=
[2026-07-24 15:26:55] 首音→首句播报: 2.14s text=
[2026-07-24 15:37:43] 首音→STT返回: 649.24s text=嗯
[2026-07-24 15:37:43] 首音→首句播报: 649.25s text=
[2026-07-24 15:37:45] 首音→STT返回: 651.81s text=开灯帮我开一下灯
[2026-07-24 15:37:45] 首音→首句播报: 651.81s text=
[2026-07-24 15:37:47] 首音→首句播报: 653.48s text=
[2026-07-24 15:37:52] 首音→STT返回: 658.97s text=现在太多了
[2026-07-24 15:37:52] 首音→首句播报: 658.97s text=
[2026-07-24 15:40:41] 服务启动
[2026-07-24 15:41:00] 服务启动
[2026-07-24 15:42:43] 服务启动
[2026-07-24 15:43:01] 首音→STT返回: 4.79s text=老板才能打通
[2026-07-24 15:43:01] 首音→首句播报: 4.80s text=
[2026-07-24 15:43:07] 首音→首句播报: 10.30s text=
[2026-07-24 15:43:18] 首音→STT返回: 4.02s text=帮我把台灯打开
[2026-07-24 15:43:18] 首音→首句播报: 4.03s text=
[2026-07-24 15:43:41] 首音→STT返回: 26.26s text=帮把台灯调到第二
[2026-07-24 15:43:41] 首音→首句播报: 26.26s text=
[2026-07-24 15:43:44] 首音→STT返回: 29.31s text=的
[2026-07-24 15:43:44] 首音→首句播报: 29.31s text=
[2026-07-24 15:44:03] 首音→STT返回: 4.65s text=帮我设一个5分钟的闹钟
[2026-07-24 15:44:03] 首音→首句播报: 4.65s text=
[2026-07-24 15:44:13] 首音→STT返回: 14.70s text=去看看都是他们想，现在好像那个
[2026-07-24 15:44:13] 首音→首句播报: 14.70s text=
[2026-07-24 15:44:18] 首音→STT返回: 19.94s text=特别才能进那个
[2026-07-24 15:44:18] 首音→首句播报: 19.94s text=
[2026-07-24 15:44:30] 首音→STT返回: 32.10s text=你知道吗？官网嗯官网对对好，咱们今天开始不让用那个热点的啊，
[2026-07-24 15:44:30] 首音→首句播报: 32.10s text=
[2026-07-24 15:44:35] 首音→STT返回: 36.92s text=能开F8G官网吗？不能，我现在在试
[2026-07-24 15:44:35] 首音→首句播报: 36.92s text=
[2026-07-24 15:44:52] 服务启动
[2026-07-24 15:45:09] 首音→STT返回: 5.06s text=帮我设一个两二档的台灯
[2026-07-24 15:45:09] 首音→首句播报: 5.07s text=
[2026-07-24 15:45:11] 首音→首句播报: 7.00s text=
[2026-07-24 15:45:52] 首音→STT返回: 5.40s text=帮我背一遍题西林壁
[2026-07-24 15:45:52] 首音→首句播报: 5.40s text=
[2026-07-24 15:47:44] 首音→STT返回: 117.12s text=帮我设定一个5分钟的闹钟
[2026-07-24 15:47:44] 首音→首句播报: 117.12s text=
[2026-07-24 15:47:46] 首音→首句播报: 119.38s text=
[2026-07-24 15:47:54] 首音→STT返回: 127.75s text=们个人我们就税法组，我们自己内部有个人那个
[2026-07-24 15:47:54] 首音→首句播报: 127.75s text=
[2026-07-24 15:48:18] 首音→STT返回: 3.71s text=你要给谁呀？
[2026-07-24 15:48:18] 首音→首句播报: 3.72s text=
[2026-07-24 15:48:21] 首音→首句播报: 5.86s text=
[2026-07-24 15:48:31] 首音→STT返回: 15.94s text=You' man
[2026-07-24 15:48:31] 首音→首句播报: 15.95s text=
[2026-07-24 15:48:47] 首音→STT返回: 32.39s text=TPS发送时长
[2026-07-24 15:48:47] 首音→首句播报: 32.39s text=
[2026-07-24 15:49:07] 首音→STT返回: 52.55s text=你帮我背一背提题系鸣币
[2026-07-24 15:49:07] 首音→首句播报: 52.56s text=
[2026-07-24 15:49:14] 首音→STT返回: 59.29s text=题西林壁多简单的
[2026-07-24 15:49:14] 首音→首句播报: 59.29s text=
[2026-07-24 15:49:51] 首音→STT返回: 95.84s text=帮我背一遍题西林壁
[2026-07-24 15:49:51] 首音→首句播报: 95.84s text=
[2026-07-24 15:50:07] 首音→STT返回: 112.54s text=我这周都学习了什么？
[2026-07-24 15:50:07] 首音→首句播报: 112.54s text=
[2026-07-24 15:50:33] 首音→STT返回: 138.58s text=帮我把台灯关了
[2026-07-24 15:50:33] 首音→首句播报: 138.58s text=
[2026-07-24 15:50:47] 首音→STT返回: 152.64s text=帮我把台灯调到最亮
[2026-07-24 15:50:47] 首音→首句播报: 152.64s text=
[2026-07-24 15:51:10] 首音→STT返回: 175.39s text=帮我调到最最亮
[2026-07-24 15:51:10] 首音→首句播报: 175.39s text=
[2026-07-24 15:51:12] 首音→首句播报: 177.42s text=
[2026-07-24 15:51:35] 首音→STT返回: 200.40s text=帮我设定1个35分钟的闹钟
[2026-07-24 15:51:35] 首音→首句播报: 200.41s text=
[2026-07-24 15:52:00] 首音→STT返回: 225.29s text=帮我把闹钟关闭
[2026-07-24 15:52:00] 首音→首句播报: 225.29s text=
[2026-07-24 15:53:18] 首音→STT返回: 303.05s text=帮我背一首李商隐的古诗
[2026-07-24 15:53:18] 首音→首句播报: 303.05s text=
[2026-07-24 15:53:20] 首音→首句播报: 304.80s text=
[2026-07-24 15:53:49] 首音→STT返回: 334.11s text=帮我把台灯调到教暗
[2026-07-24 15:53:49] 首音→首句播报: 334.12s text=
[2026-07-24 15:54:11] 首音→STT返回: 356.14s text=帮我把台灯调到中等亮度
[2026-07-24 15:54:11] 首音→首句播报: 356.14s text=
[2026-07-24 15:54:31] 首音→STT返回: 376.33s text=我把台灯调到全亮
[2026-07-24 15:54:31] 首音→首句播报: 376.33s text=
[2026-07-24 15:54:53] 首音→STT返回: 398.71s text=杭州的天气怎么样？
[2026-07-24 15:54:53] 首音→首句播报: 398.71s text=
[2026-07-24 15:55:54] 首音→STT返回: 459.36s text=现在屋子里的光已经很亮了，那么灯你应该调到什么样的状态？
[2026-07-24 15:55:54] 首音→首句播报: 459.37s text=
[2026-07-24 15:57:12] 首音→STT返回: 3.69s text=帮我把灯光调暗一点
[2026-07-24 15:57:12] 首音→首句播报: 3.69s text=
[2026-07-27 14:17:50] 服务启动
[2026-07-27 14:18:47] 首音→STT返回: 9.49s text=呃，帮我把他
[2026-07-27 14:18:47] 首音→首句播报: 9.50s text=
[2026-07-27 14:18:52] 首音→STT返回: 14.62s text=灯调亮，我把台灯调亮
[2026-07-27 14:18:52] 首音→首句播报: 14.62s text=
[2026-07-27 14:18:54] 首音→首句播报: 17.02s text=
[2026-07-27 14:19:09] 首音→STT返回: 31.50s text=就就这你这速度慢对吧
[2026-07-27 14:19:09] 首音→首句播报: 31.51s text=
[2026-07-27 14:19:30] 首音→STT返回: 52.65s text=Okay
[2026-07-27 14:19:30] 首音→首句播报: 52.65s text=
[2026-07-27 14:19:35] 首音→STT返回: 57.79s text=有一句话说完，你你换成那个流逝的
[2026-07-27 14:19:35] 首音→首句播报: 57.79s text=
[2026-07-27 14:19:40] 首音→STT返回: 62.69s text=但是就是流市的话呢
[2026-07-27 14:19:40] 首音→首句播报: 62.69s text=
[2026-07-27 14:19:47] 首音→STT返回: 69.82s text=流流流式的话，其实我这个大模型的话，它其实相当于你流大模也是
[2026-07-27 14:19:47] 首音→首句播报: 69.82s text=
[2026-07-27 14:28:42] 首音→STT返回: 5.96s text=现在天气如何？
[2026-07-27 14:28:42] 首音→首句播报: 5.96s text=
[2026-07-27 14:28:45] 首音→首句播报: 8.40s text=
[2026-07-27 14:29:29] 首音→STT返回: 9.66s text=灯光有点暗，你帮我调亮一点
[2026-07-27 14:29:29] 首音→首句播报: 9.67s text=
[2026-07-27 14:29:56] 首音→首句播报: 36.54s text=
[2026-07-27 14:30:08] 首音→STT返回: 48.53s text=Okay
[2026-07-27 14:30:08] 首音→首句播报: 48.53s text=
[2026-07-27 14:30:22] 首音→STT返回: 63.09s text=那你们TT还是flash
[2026-07-27 14:30:22] 首音→首句播报: 63.09s text=
[2026-07-27 14:30:26] 首音→STT返回: 67.25s text=另外第三不还是行成你很吗？
[2026-07-27 14:30:26] 首音→首句播报: 67.25s text=
[2026-07-27 14:30:33] 首音→STT返回: 73.90s text=你这个SI是那个Cbo
[2026-07-27 14:30:33] 首音→首句播报: 73.91s text=
[2026-07-27 14:30:37] 首音→STT返回: 77.81s text=嗯，对对对
[2026-07-27 14:30:37] 首音→首句播报: 77.83s text=
[2026-07-27 14:30:55] 首音→STT返回: 95.80s text=帮我设置30分钟的学习计时
[2026-07-27 14:30:55] 首音→首句播报: 95.81s text=
[2026-07-27 14:31:15] 首音→STT返回: 116.10s text=西题西林壁的题西林壁，我太我不太懂是什么意思
[2026-07-27 14:31:15] 首音→首句播报: 116.11s text=
[2026-07-27 14:31:43] 首音→STT返回: 143.83s text=那西林是哪里？
[2026-07-27 14:31:43] 首音→首句播报: 143.83s text=
[2026-07-27 14:32:08] 首音→STT返回: 168.46s text=平西直线线直线射线线段有什么区别？
[2026-07-27 14:32:08] 首音→首句播报: 168.47s text=
[2026-07-27 14:32:52] 首音→STT返回: 212.66s text=明西，我还学过出事的诗吗？
[2026-07-27 14:32:52] 首音→首句播报: 212.66s text=
[2026-07-27 14:33:17] 首音→STT返回: 237.97s text=明夕，我坐题好久还是不会好烦啊
[2026-07-27 14:33:17] 首音→首句播报: 237.98s text=
[2026-07-27 14:43:18] 首音→STT返回: 839.14s text=帮我把灯光关闭
[2026-07-27 14:43:18] 首音→首句播报: 839.14s text=
[2026-07-27 14:43:21] 首音→首句播报: 841.64s text=
[2026-07-27 14:48:11] 首音→STT返回: 4.03s text=室内灯光亮度太低
[2026-07-27 14:48:11] 首音→首句播报: 4.04s text=
[2026-07-27 14:48:14] 首音→首句播报: 6.52s text=
[2026-07-27 14:49:18] 首音→STT返回: 4.91s text=帮我把计时关闭
[2026-07-27 14:49:18] 首音→首句播报: 4.91s text=
[2026-07-27 14:49:21] 首音→首句播报: 7.01s text=
[2026-07-28 17:37:09] 服务启动
[2026-07-28 17:39:36] 服务启动
[2026-07-28 17:45:21] 服务启动
[2026-07-28 17:46:28] 服务启动
[2026-07-28 17:47:07] 服务启动
[2026-07-28 17:49:25] 服务启动
[2026-07-28 17:50:12] 首音→STT返回: 5.49s text=把台灯打
[2026-07-28 17:50:12] 首音→首句播报: 5.49s text=
[2026-07-28 17:50:22] 首音→首句播报: 15.15s text=
[2026-07-28 17:50:44] 首音→STT返回: 37.65s text=帮我把台灯打开
[2026-07-28 17:50:44] 首音→首句播报: 37.65s text=
[2026-07-28 17:50:51] 首音→STT返回: 44.74s text=设定一个5分钟的闹钟
[2026-07-28 17:50:51] 首音→首句播报: 44.74s text=
[2026-07-29 09:42:56] 服务启动
[2026-07-29 10:20:17] 服务启动
[2026-07-29 10:23:23] 服务启动
[2026-07-29 10:24:08] 首音→STT返回: 12.31s text=50加50等于多少？
[2026-07-29 10:24:08] 首音→首句播报: 12.31s text=
[2026-07-29 10:24:21] 首音→首句播报: 24.86s text=
[2026-07-29 10:27:05] 首音→首句播报: 189.50s text=
[2026-07-29 10:29:57] 首音→首句播报: 361.57s text=
[2026-07-29 10:30:00] 首音→首句播报: 364.33s text=
[2026-07-29 10:36:45] 首音→首句播报: 769.34s text=
[2026-07-29 10:36:48] 首音→首句播报: 771.84s text=
[2026-07-29 10:37:00] 首音→STT返回: 784.43s text=应该就是就一个纯优的优了优了U的CP段当时他们觉得
[2026-07-29 10:37:00] 首音→首句播报: 784.44s text=
[2026-07-29 10:52:56] 首音→首句播报: 1740.20s text=
[2026-07-29 10:52:58] 首音→首句播报: 1742.60s text=
[2026-07-29 10:59:02] 首音→首句播报: 0.00s text=
[2026-07-29 10:59:05] 首音→首句播报: 2.57s text=
[2026-07-29 10:59:27] 首音→STT返回: 9.72s text=50加50等于多少？
[2026-07-29 10:59:27] 首音→首句播报: 9.73s text=
[2026-07-29 10:59:50] 首音→STT返回: 33.24s text=你好，灵犀
[2026-07-29 10:59:50] 首音→首句播报: 33.24s text=
[2026-07-29 10:59:53] 首音→首句播报: 35.71s text=
[2026-07-29 11:00:05] 首音→STT返回: 47.54s text=杭州现在的天气如何？
[2026-07-29 11:00:05] 首音→首句播报: 47.54s text=
[2026-07-29 11:00:36] 首音→STT返回: 79.21s text=苏州的天气如何呢？
[2026-07-29 11:00:36] 首音→首句播报: 79.21s text=
[2026-07-29 11:13:53] 服务启动
[2026-07-29 11:14:26] 首音→STT返回: 11.92s text=宁波的天气如何？
[2026-07-29 11:14:26] 首音→首句播报: 11.92s text=
[2026-07-29 11:15:47] 首音→STT返回: 5.15s text=宁波的天气如何？
[2026-07-29 11:15:47] 首音→首句播报: 5.15s text=
[2026-07-29 11:15:48] 首音→首句播报: 7.04s text=
[2026-07-29 11:16:28] 首音→STT返回: 46.59s text=今天有什么新闻吗？
[2026-07-29 11:16:28] 首音→首句播报: 46.59s text=
[2026-07-29 11:17:43] 首音→STT返回: 10.10s text=今天是几月几号？
[2026-07-29 11:17:43] 首音→首句播报: 10.11s text=
[2026-07-29 11:18:17] 首音→STT返回: 44.03s text=明天会下大雨
[2026-07-29 11:18:17] 首音→首句播报: 44.03s text=
[2026-07-29 11:18:57] 首音→STT返回: 83.72s text=帮我设一个5分钟的闹钟
[2026-07-29 11:18:57] 首音→首句播报: 83.72s text=
[2026-07-29 11:19:15] 首音→STT返回: 101.61s text=帮我把闹钟关闭
[2026-07-29 11:19:15] 首音→首句播报: 101.61s text=
[2026-07-29 11:19:44] 首音→STT返回: 4.02s text=帮我把台灯调到第二档
[2026-07-29 11:19:44] 首音→首句播报: 4.02s text=
[2026-07-29 11:20:10] 首音→STT返回: 30.03s text=帮我设一个5分钟的闹钟
[2026-07-29 11:20:10] 首音→首句播报: 30.03s text=
[2026-07-29 11:20:20] 首音→STT返回: 40.00s text=我把闹钟关闭
[2026-07-29 11:20:20] 首音→首句播报: 40.01s text=
[2026-07-29 11:20:43] 首音→STT返回: 62.61s text=帮我把台灯调到全亮
[2026-07-29 11:20:43] 首音→首句播报: 62.61s text=
[2026-07-29 14:58:58] 服务启动
[2026-07-29 14:59:31] 首音→STT返回: 6.91s text=帮我把台灯打开
[2026-07-29 14:59:31] 首音→首句播报: 6.91s text=
[2026-07-29 15:03:39] 首音→STT返回: 255.19s text=台灯太亮了
[2026-07-29 15:03:39] 首音→首句播报: 255.20s text=
[2026-07-29 15:04:17] 首音→STT返回: 293.03s text=请帮我台把台灯调亮一点
[2026-07-29 15:04:17] 首音→首句播报: 293.03s text=
[2026-07-29 15:04:33] 首音→STT返回: 309.37s text=今天是星期几？
[2026-07-29 15:04:33] 首音→首句播报: 309.37s text=
[2026-07-29 15:04:36] 首音→首句播报: 312.37s text=
[2026-07-29 15:13:12] 服务启动
[2026-07-29 15:13:40] 首音→STT返回: 12.01s text=100加100等于多少？
[2026-07-29 15:13:40] 首音→首句播报: 12.01s text=
[2026-07-29 15:13:43] 首音→首句播报: 15.46s text=
[2026-07-29 15:13:56] 首音→STT返回: 28.01s text=50加50等于多少？
[2026-07-29 15:13:56] 首音→首句播报: 28.01s text=
[2026-07-29 15:14:11] 首音→STT返回: 43.35s text=请帮我把灯调亮一点
[2026-07-29 15:14:11] 首音→首句播报: 43.35s text=
[2026-07-29 15:15:09] 首音→STT返回: 5.03s text=50加50等于多少？
[2026-07-29 15:15:09] 首音→首句播报: 5.03s text=
[2026-07-29 15:15:12] 首音→首句播报: 7.84s text=
[2026-07-29 15:23:50] 服务启动
[2026-07-29 15:24:06] 首音→STT返回: 3.67s text=你好，灵犀
[2026-07-29 15:24:06] 首音→首句播报: 3.67s text=
[2026-07-29 15:24:10] 首音→首句播报: 7.12s text=
[2026-07-29 15:24:19] 首音→STT返回: 16.81s text=帮我买排灯打
[2026-07-29 15:24:19] 首音→首句播报: 16.81s text=
[2026-07-29 15:24:35] 首音→STT返回: 32.44s text=测量就是从这边的这几个情况，就实操就你们前去这个数据，然后或
[2026-07-29 15:24:35] 首音→首句播报: 32.44s text=
[2026-07-29 15:24:40] 首音→STT返回: 37.04s text=把台灯关闭
[2026-07-29 15:24:40] 首音→首句播报: 37.04s text=
[2026-07-29 15:24:51] 首音→STT返回: 48.33s text=帮我设定一个5分钟的闹钟
[2026-07-29 15:24:51] 首音→首句播报: 48.34s text=
[2026-07-29 15:25:07] 首音→STT返回: 64.23s text=帮我背一首李白的古诗
[2026-07-29 15:25:07] 首音→首句播报: 64.24s text=
[2026-07-29 15:25:36] 首音→STT返回: 93.03s text=背一首李商隐的古诗
[2026-07-29 15:25:36] 首音→首句播报: 93.04s text=
[2026-07-29 15:25:55] 首音→STT返回: 112.64s text=我已经学过哪些古诗了？
[2026-07-29 15:25:55] 首音→首句播报: 112.64s text=
[2026-07-29 15:46:52] 首音→STT返回: 330.04s text=你好，不在
[2026-07-29 15:46:52] 首音→首句播报: 330.05s text=
[2026-07-29 15:46:54] 首音→首句播报: 332.96s text=
[2026-07-29 15:47:00] 首音→STT返回: 338.63s text=你好呀
[2026-07-29 15:47:00] 首音→首句播报: 338.64s text=
[2026-07-29 15:47:08] 首音→STT返回: 346.07s text=你好呀
[2026-07-29 15:47:08] 首音→首句播报: 346.08s text=
[2026-07-29 15:47:44] 首音→STT返回: 4.53s text=请帮我把台灯打开
[2026-07-29 15:47:44] 首音→首句播报: 4.53s text=
[2026-07-29 15:47:54] 首音→STT返回: 14.18s text=请帮我把台灯关闭
[2026-07-29 15:47:54] 首音→首句播报: 14.18s text=
[2026-07-29 15:48:05] 首音→STT返回: 25.47s text=有一个少数人
[2026-07-29 15:48:05] 首音→首句播报: 25.47s text=
[2026-07-29 15:48:12] 首音→STT返回: 32.66s text=嗯，这个说法
[2026-07-29 15:48:12] 首音→首句播报: 32.67s text=
[2026-07-29 15:48:20] 首音→STT返回: 40.43s text=是不是鬼
[2026-07-29 15:48:20] 首音→首句播报: 40.44s text=
[2026-07-29 15:50:07] 首音→STT返回: 147.85s text=现在帮我把台灯打开
[2026-07-29 15:50:07] 首音→首句播报: 147.85s text=
[2026-07-29 15:50:46] 服务启动
[2026-07-29 15:51:08] 首音→STT返回: 5.64s text=请帮我把台灯打开
[2026-07-29 15:51:08] 首音→首句播报: 5.64s text=
[2026-07-29 15:53:25] 服务启动
[2026-07-29 15:54:42] 服务启动
[2026-07-29 15:54:59] 首音→STT返回: 4.80s text=请帮把台灯打开
[2026-07-29 15:54:59] 首音→首句播报: 4.80s text=
[2026-07-29 15:55:05] 首音→STT返回: 10.56s text=请帮我把台灯关闭
[2026-07-29 15:55:05] 首音→首句播报: 10.56s text=
[2026-07-29 15:55:11] 首音→STT返回: 16.60s text=请帮我设一个5分钟的闹钟
[2026-07-29 15:55:11] 首音→首句播报: 16.61s text=
[2026-07-29 15:55:16] 首音→STT返回: 21.19s text=杭州的天气如何？
[2026-07-29 15:55:16] 首音→首句播报: 21.20s text=
[2026-07-29 15:55:19] 首音→首句播报: 24.31s text=
[2026-07-29 15:55:31] 首音→STT返回: 35.98s text=50加50等于多少？
[2026-07-29 15:55:31] 首音→首句播报: 35.99s text=
[2026-07-29 15:55:59] 首音→STT返回: 64.15s text=50加50等于多少？
[2026-07-29 15:55:59] 首音→首句播报: 64.16s text=
[2026-07-29 15:56:07] 首音→STT返回: 4.61s text=请帮我背一首李商隐的古诗
[2026-07-29 15:56:07] 首音→首句播报: 4.62s text=
[2026-07-29 15:56:18] 首音→STT返回: 3.71s text=请帮我背一首李商隐的古诗
[2026-07-29 15:56:18] 首音→首句播报: 3.72s text=
[2026-07-29 15:57:13] 服务启动
[2026-07-29 15:59:17] 首音→STT返回: 2.19s text=你好，不在
[2026-07-29 15:59:17] 首音→首句播报: 2.20s text=
[2026-07-29 15:59:23] 首音→STT返回: 8.20s text=请帮我把台灯打开
[2026-07-29 15:59:23] 首音→首句播报: 8.21s text=
[2026-07-29 15:59:29] 首音→STT返回: 14.51s text=请帮我把灯的亮度调暗
[2026-07-29 15:59:29] 首音→首句播报: 14.51s text=
[2026-07-29 15:59:36] 首音→STT返回: 21.32s text=请帮我设定一个5分钟的闹钟
[2026-07-29 15:59:36] 首音→首句播报: 21.32s text=
[2026-07-29 15:59:42] 首音→STT返回: 27.32s text=请帮我把闹钟关闭
[2026-07-29 15:59:42] 首音→首句播报: 27.32s text=
[2026-07-29 15:59:50] 首音→STT返回: 35.20s text=嗯，我学过哪些古诗呢？
[2026-07-29 15:59:50] 首音→首句播报: 35.21s text=
[2026-07-29 15:59:53] 首音→首句播报: 38.21s text=
[2026-07-29 16:00:00] 首音→STT返回: 44.98s text=我记得你行
[2026-07-29 16:00:00] 首音→首句播报: 44.99s text=
[2026-07-29 16:00:08] 首音→STT返回: 53.46s text=有点杂呃，请帮我讲一下题西林壁这首古诗
[2026-07-29 16:00:08] 首音→首句播报: 53.47s text=
[2026-07-29 16:00:16] 首音→STT返回: 61.77s text=好的，我
[2026-07-29 16:00:16] 首音→首句播报: 61.78s text=
[2026-07-29 16:00:45] 首音→STT返回: 21.51s text=那个文字已经拨出来了，但是因为一听到声音了，他就是听到那个新
[2026-07-29 16:00:45] 首音→首句播报: 21.52s text=
[2026-07-29 16:00:53] 首音→STT返回: 29.81s text=请帮我讲一下题西林壁这首古诗
[2026-07-29 16:00:53] 首音→首句播报: 29.82s text=
[2026-07-29 16:01:20] 首音→STT返回: 56.80s text=杭州今天的天气如何？
[2026-07-29 16:01:20] 首音→首句播报: 56.81s text=
[2026-07-29 16:01:27] 首音→STT返回: 64.29s text=杭州
[2026-07-29 16:01:27] 首音→首句播报: 64.29s text=
[2026-07-29 16:07:12] 首音→STT返回: 408.87s text=请帮我把灯光调亮一下
[2026-07-29 16:07:12] 首音→首句播报: 408.88s text=
[2026-07-29 16:07:27] 首音→STT返回: 423.46s text=我今天学习的题醒题心灵病这首诗，呃，你帮我解释一下，我没学懂
[2026-07-29 16:07:27] 首音→首句播报: 423.47s text=
[2026-07-29 16:07:31] 首音→首句播报: 427.66s text=
[2026-07-29 16:07:49] 首音→STT返回: 445.85s text=那宿轼还有什么其他有名的呢？
[2026-07-29 16:07:49] 首音→首句播报: 445.86s text=
[2026-07-29 16:08:37] 首音→STT返回: 494.22s text=饮湖上初晴后雨，这首诗是几年级学的呀？
[2026-07-29 16:08:37] 首音→首句播报: 494.22s text=
[2026-07-29 16:09:06] 首音→STT返回: 523.18s text=我现在四年级了
[2026-07-29 16:09:06] 首音→首句播报: 523.18s text=
[2026-07-29 16:09:13] 首音→STT返回: 530.06s text=然后你觉得是什么最重要呢？要搞懂哪些概念？
[2026-07-29 16:09:13] 首音→首句播报: 530.06s text=
[2026-07-29 16:09:57] 首音→STT返回: 573.90s text=的话就，然后下一个这个出来，我现在就覆盖两个原件原来最新的
[2026-07-29 16:09:57] 首音→首句播报: 573.91s text=
[2026-07-29 16:28:08] 首音→STT返回: 1664.34s text=150加150等于多少？
[2026-07-29 16:28:08] 首音→首句播报: 1664.35s text=
[2026-07-29 16:28:10] 首音→首句播报: 1667.25s text=
[2026-07-29 16:28:25] 首音→STT返回: 1682.05s text=好
[2026-07-29 16:28:25] 首音→首句播报: 1682.06s text=
[2026-07-29 16:28:41] 首音→STT返回: 1697.63s text=你不用说话了
[2026-07-29 16:28:41] 首音→首句播报: 1697.63s text=
[2026-07-29 16:28:56] 首音→STT返回: 1712.81s text=人关闭
[2026-07-29 16:28:56] 首音→首句播报: 1712.82s text=
[2026-07-29 16:28:59] 首音→首句播报: 1715.61s text=
[2026-07-29 16:29:02] 首音→STT返回: 1718.81s text=不申
[2026-07-29 16:29:02] 首音→首句播报: 1718.81s text=
[2026-07-29 16:29:29] 首音→STT返回: 3.41s text=个一一关于
[2026-07-29 16:29:29] 首音→首句播报: 3.42s text=
[2026-07-29 16:29:33] 首音→STT返回: 7.06s text=翻四样，对
[2026-07-29 16:29:33] 首音→首句播报: 7.07s text=
[2026-07-29 16:29:40] 首音→STT返回: 5.16s text=器现在不是说不是特别对，因种
[2026-07-29 16:29:40] 首音→首句播报: 5.20s text=
[2026-07-29 16:29:47] 首音→STT返回: 12.22s text=是于介你问问
[2026-07-29 16:29:47] 首音→首句播报: 12.22s text=
[2026-07-29 16:29:54] 首音→STT返回: 2.95s text=你好，灵犀
[2026-07-29 16:29:54] 首音→首句播报: 2.96s text=
[2026-07-29 16:29:59] 首音→STT返回: 7.55s text=今天
[2026-07-29 16:29:59] 首音→首句播报: 7.56s text=
[2026-07-29 16:30:05] 首音→STT返回: 13.77s text=今天特朗普有什么重大新闻吗？
[2026-07-29 16:30:05] 首音→首句播报: 13.77s text=
[2026-07-29 16:40:43] 服务启动
[2026-07-29 16:41:35] 首音→STT返回: 11.60s text=请帮我把台灯打开
[2026-07-29 16:41:35] 首音→首句播报: 11.61s text=
[2026-07-29 16:41:45] 首音→STT返回: 20.92s text=请帮我背一首古诗
[2026-07-29 16:41:45] 首音→首句播报: 20.93s text=
[2026-07-29 16:41:49] 首音→首句播报: 24.80s text=
[2026-07-29 16:42:35] 首音→STT返回: 4.44s text=苏轼是哪个朝代的诗？
[2026-07-29 16:42:35] 首音→首句播报: 4.45s text=
[2026-07-29 16:44:13] 服务启动
[2026-07-29 16:44:34] 首音→STT返回: 9.15s text=苏轼都喜欢哪些著名的古诗呢？
[2026-07-29 16:44:34] 首音→首句播报: 9.16s text=
[2026-07-29 16:44:37] 首音→首句播报: 12.23s text=
[2026-07-29 16:45:51] 首音→STT返回: 86.21s text=请帮我
[2026-07-29 16:45:51] 首音→首句播报: 86.22s text=
[2026-07-29 16:45:56] 首音→STT返回: 91.26s text=联网新新闻
[2026-07-29 16:45:56] 首音→首句播报: 91.27s text=
[2026-07-29 16:46:00] 首音→首句播报: 94.98s text=
[2026-07-29 16:47:50] 服务启动
[2026-07-29 16:48:14] 首音→STT返回: 6.13s text=今天是几月几号？
[2026-07-29 16:48:14] 首音→首句播报: 6.14s text=
[2026-07-29 16:48:18] 首音→首句播报: 10.18s text=
[2026-07-29 16:48:55] 首音→STT返回: 47.56s text=你好，林夕，现在是几点了？
[2026-07-29 16:48:55] 首音→首句播报: 47.57s text=
[2026-07-29 16:49:10] 首音→STT返回: 62.62s text=你先别说话
[2026-07-29 16:49:10] 首音→首句播报: 62.62s text=
[2026-07-29 16:49:14] 首音→STT返回: 66.78s text=别说话
[2026-07-29 16:49:14] 首音→首句播报: 66.79s text=
[2026-07-29 16:51:11] 首音→STT返回: 183.82s text=你好，灵犀
[2026-07-29 16:51:12] 首音→首句播报: 183.87s text=
[2026-07-29 16:51:17] 首音→首句播报: 189.61s text=
[2026-07-29 16:52:10] 服务启动
[2026-07-29 16:52:43] 首音→STT返回: 8.86s text=杭州今天天气如何？
[2026-07-29 16:52:43] 首音→首句播报: 8.88s text=
[2026-07-29 16:52:48] 首音→首句播报: 13.54s text=
[2026-07-29 16:53:03] 首音→STT返回: 28.39s text=我很喜欢李商隐这个诗人
[2026-07-29 16:53:03] 首音→首句播报: 28.40s text=
[2026-07-29 16:53:24] 首音→STT返回: 49.74s text=我喜欢景瑟这首诗
[2026-07-29 16:53:24] 首音→首句播报: 49.75s text=
[2026-07-29 16:53:53] 首音→STT返回: 78.89s text=景瑟到底是谁写的呢？这首诗
[2026-07-29 16:53:53] 首音→首句播报: 78.90s text=
[2026-07-29 16:54:20] 首音→STT返回: 105.40s text=100加100等于多少？
[2026-07-29 16:54:20] 首音→首句播报: 105.42s text=
[2026-07-29 16:54:57] 首音→STT返回: 142.37s text=今天有什么重大的新闻吗？
[2026-07-29 16:54:57] 首音→首句播报: 142.38s text=
[2026-07-29 16:55:35] 首音→STT返回: 180.53s text=移动的最新股价是多少？
[2026-07-29 16:55:35] 首音→首句播报: 180.53s text=
[2026-07-29 16:59:27] 服务启动
[2026-07-29 16:59:51] 首音→STT返回: 5.72s text=杭州天气如何？
[2026-07-29 16:59:51] 首音→首句播报: 5.73s text=
[2026-07-29 16:59:54] 首音→首句播报: 9.50s text=
[2026-07-29 17:00:27] 首音→STT返回: 41.88s text=你能给我解读一下题西林壁的历史背景吗？
[2026-07-29 17:00:27] 首音→首句播报: 41.91s text=
[2026-07-29 17:00:58] 首音→STT返回: 73.52s text=很感谢你，我已经听明白了
[2026-07-29 17:00:58] 首音→首句播报: 73.53s text=
[2026-07-29 17:01:21] 首音→STT返回: 96.10s text=请帮我把灯打开
[2026-07-29 17:01:21] 首音→首句播报: 96.10s text=
[2026-07-29 17:01:37] 首音→STT返回: 112.10s text=我想休息15分钟，15分钟后叫我
[2026-07-29 17:01:37] 首音→首句播报: 112.11s text=
[2026-07-29 17:01:48] 首音→STT返回: 123.18s text=请帮我把闹钟关闭
[2026-07-29 17:01:48] 首音→首句播报: 123.19s text=
[2026-07-29 17:01:57] 首音→STT返回: 131.80s text=谢谢你，你可以退下了
[2026-07-29 17:01:57] 首音→首句播报: 131.80s text=
[2026-07-29 17:02:47] 首音→STT返回: 9.04s text=中国最高的山是什么山？
[2026-07-29 17:02:47] 首音→首句播报: 9.05s text=
[2026-07-29 17:02:58] 首音→STT返回: 19.26s text=中国最高的山是什么山？
[2026-07-29 17:02:58] 首音→首句播报: 19.26s text=
[2026-07-29 17:03:11] 首音→STT返回: 4.17s text=中国最长的河是什么河？
[2026-07-29 17:03:11] 首音→首句播报: 4.17s text=
[2026-07-29 17:03:44] 首音→STT返回: 37.50s text=现在的灯光好刺眼呐
[2026-07-29 17:03:44] 首音→首句播报: 37.51s text=
[2026-07-29 17:04:05] 首音→STT返回: 57.88s text=你确定你调到路光档了吗？
[2026-07-29 17:04:05] 首音→首句播报: 57.88s text=
[2026-07-29 17:04:50] 首音→STT返回: 103.34s text=帮我调到弱光的
[2026-07-29 17:04:50] 首音→首句播报: 103.34s text=
[2026-07-29 17:04:57] 首音→STT返回: 110.26s text=请帮我调到强光档
[2026-07-29 17:04:57] 首音→首句播报: 110.26s text=
[2026-07-29 17:05:10] 首音→STT返回: 123.07s text=请帮我把灯光调到最亮
[2026-07-29 17:05:10] 首音→首句播报: 123.07s text=
[2026-07-29 17:07:08] 首音→首句播报: 241.47s text=
[2026-07-29 17:09:50] 首音→首句播报: 403.34s text=
[2026-07-29 17:09:57] 首音→首句播报: 409.72s text=
[2026-07-29 17:18:02] 服务启动
[2026-07-29 17:20:33] 服务启动
[2026-07-29 17:21:31] 服务启动
[2026-07-29 17:23:16] 服务启动
[2026-07-29 17:23:35] 首音→STT返回: 4.76s text=75+75等于多少？
[2026-07-29 17:23:35] 首音→首句播报: 4.77s text=
[2026-07-29 17:23:48] 首音→首句播报: 18.01s text=
[2026-07-29 17:25:56] 服务启动
[2026-07-29 17:26:29] 首音→STT返回: 7.67s text=今天的天气怎么样？
[2026-07-29 17:26:29] 首音→首句播报: 7.75s text=
[2026-07-29 17:26:33] 首音→首句播报: 11.12s text=
[2026-07-29 17:27:51] 首音→STT返回: 89.39s text=75+75等于多少？
[2026-07-29 17:27:51] 首音→首句播报: 89.40s text=
[2026-07-29 17:28:09] 首音→STT返回: 107.73s text=帮我背诵一遍题西林壁
[2026-07-29 17:28:09] 首音→首句播报: 107.73s text=
[2026-07-29 17:28:23] 首音→STT返回: 121.28s text=请帮我把灯打开
[2026-07-29 17:28:23] 首音→首句播报: 121.28s text=
[2026-07-29 17:28:29] 首音→STT返回: 127.06s text=请帮我设定一个40分钟的闹钟
[2026-07-29 17:28:29] 首音→首句播报: 127.08s text=
[2026-07-29 17:28:37] 首音→STT返回: 135.19s text=今天在沈阳的天气如何
[2026-07-29 17:28:37] 首音→首句播报: 135.20s text=
[2026-07-29 17:28:56] 首音→STT返回: 154.03s text=帮我把闹钟关闭
[2026-07-29 17:28:56] 首音→首句播报: 154.04s text=
[2026-07-29 17:29:00] 首音→STT返回: 158.44s text=灯太亮了
[2026-07-29 17:29:00] 首音→首句播报: 158.44s text=
[2026-07-29 17:29:05] 首音→STT返回: 163.68s text=能不能再亮一点？
[2026-07-29 17:29:05] 首音→首句播报: 163.69s text=
[2026-07-29 17:29:12] 首音→STT返回: 170.60s text=你帮我把灯关了吧
[2026-07-29 17:29:12] 首音→首句播报: 170.61s text=
[2026-07-29 17:29:23] 首音→STT返回: 181.58s text=直线和射线的区别是什么呢？
[2026-07-29 17:29:23] 首音→首句播报: 181.59s text=
[2026-07-29 17:29:55] 首音→STT返回: 213.29s text=喜马拉雅山是在哪里
[2026-07-29 17:29:55] 首音→首句播报: 213.31s text=
[2026-07-29 17:30:12] 首音→STT返回: 230.74s text=灵犀灵犀
[2026-07-29 17:30:12] 首音→首句播报: 230.74s text=
[2026-07-29 17:30:19] 首音→STT返回: 237.51s text=你累不累？
[2026-07-29 17:30:19] 首音→首句播报: 237.52s text=
[2026-07-29 17:30:58] 首音→STT返回: 276.07s text=台灯能调亮点吗？
[2026-07-29 17:30:58] 首音→首句播报: 276.08s text=
[2026-07-29 17:31:07] 首音→STT返回: 3.28s text=灵犀灵犀
[2026-07-29 17:31:07] 首音→首句播报: 3.29s text=
[2026-07-29 17:31:12] 首音→STT返回: 8.05s text=我真的很喜欢题西林壁这首诗
[2026-07-29 17:31:12] 首音→首句播报: 8.06s text=
[2026-07-29 17:31:36] 首音→STT返回: 32.56s text=你能给我介绍一下苏轼吗？
[2026-07-29 17:31:36] 首音→首句播报: 32.56s text=
[2026-07-29 17:32:14] 首音→STT返回: 70.24s text=苏轼有哪些代表性的诗词？
[2026-07-29 17:32:14] 首音→首句播报: 70.25s text=
[2026-07-29 17:32:53] 首音→STT返回: 108.99s text=你能给我全背诵一下念奴娇赤壁怀古
[2026-07-29 17:32:53] 首音→首句播报: 109.00s text=
[2026-07-29 17:38:28] 服务启动
[2026-07-29 17:39:25] 首音→STT返回: 4.94s text=请帮我背诵念奴娇赤壁怀古
[2026-07-29 17:39:25] 首音→首句播报: 4.96s text=
[2026-07-29 17:39:31] 首音→首句播报: 10.16s text=
[2026-07-29 17:40:42] 首音→STT返回: 81.58s text=包我背诵念奴娇赤壁怀古
[2026-07-29 17:40:42] 首音→首句播报: 81.58s text=
[2026-07-29 17:41:49] 首音→STT返回: 148.39s text=这首诗是苏轼写的吗？
[2026-07-29 17:41:49] 首音→首句播报: 148.40s text=
[2026-07-29 17:42:12] 首音→STT返回: 171.07s text=这首诗和题西林壁哪首更著名呢？
[2026-07-29 17:42:12] 首音→首句播报: 171.08s text=
[2026-07-29 17:42:34] 首音→STT返回: 193.93s text=我都学过哪些古诗呢？
[2026-07-29 17:42:34] 首音→首句播报: 193.93s text=
[2026-07-29 17:43:04] 首音→STT返回: 223.78s text=行个方法灯调亮
[2026-07-29 17:43:04] 首音→首句播报: 223.79s text=
[2026-07-29 17:43:14] 首音→STT返回: 233.62s text=请帮我把灯调暗一点
[2026-07-29 17:43:14] 首音→首句播报: 233.62s text=
[2026-07-29 17:43:17] 首音→STT返回: 236.98s text=再暗一点
[2026-07-29 17:43:17] 首音→首句播报: 236.98s text=
[2026-07-29 17:43:21] 首音→STT返回: 240.59s text=再亮一点
[2026-07-29 17:43:21] 首音→首句播报: 240.59s text=
[2026-07-29 17:43:34] 首音→STT返回: 253.93s text=我真的很喜欢念奴娇赤壁怀古这首诗
[2026-07-29 17:43:34] 首音→首句播报: 253.93s text=
[2026-07-29 17:44:43] 首音→STT返回: 322.48s text=你给我讲讲直线和射线的区别
[2026-07-29 17:44:43] 首音→首句播报: 322.49s text=
[2026-07-29 17:45:06] 首音→STT返回: 345.94s text=这是小学几年级的课本？
[2026-07-29 17:45:06] 首音→首句播报: 345.94s text=
[2026-07-29 17:46:58] 首音→STT返回: 457.51s text=灯光有点暗的
[2026-07-29 17:46:58] 首音→首句播报: 457.51s text=
[2026-07-29 17:47:18] 首音→STT返回: 477.50s text=帮我设置30分钟的学习时间
[2026-07-29 17:47:18] 首音→首句播报: 477.50s text=
[2026-07-29 17:47:26] 首音→STT返回: 485.74s text=明细啊体西林壁我不太懂是什么意思
[2026-07-29 17:47:26] 首音→首句播报: 485.75s text=
[2026-07-29 17:47:51] 首音→STT返回: 510.74s text=那是西林去哪里呢
[2026-07-29 17:47:51] 首音→首句播报: 510.74s text=
[2026-07-29 17:48:35] 首音→STT返回: 554.90s text=灵犀，直线、射线线段有什么区别？
[2026-07-29 17:48:35] 首音→首句播报: 554.90s text=
[2026-07-29 17:49:30] 服务启动
[2026-07-29 17:49:53] 首音→STT返回: 4.17s text=灯光有点暗，帮我调亮一点
[2026-07-29 17:49:53] 首音→首句播报: 4.17s text=
[2026-07-29 17:50:01] 首音→STT返回: 11.75s text=帮我设置30分钟的学习计时
[2026-07-29 17:50:01] 首音→首句播报: 11.75s text=
[2026-07-29 17:50:09] 首音→STT返回: 20.26s text=灵犀题西林璧我不太懂是什么意思
[2026-07-29 17:50:09] 首音→首句播报: 20.27s text=
[2026-07-29 17:50:14] 首音→首句播报: 25.33s text=
[2026-07-29 17:50:42] 首音→STT返回: 52.70s text=你先帮我背诵一下题西林壁
[2026-07-29 17:50:42] 首音→首句播报: 52.71s text=
[2026-07-29 17:50:54] 首音→STT返回: 65.05s text=喂那你说西林是在哪里呢
[2026-07-29 17:50:54] 首音→首句播报: 65.06s text=
[2026-07-29 17:51:13] 首音→STT返回: 83.82s text=灵犀，直线射线、线段有什么区别？
[2026-07-29 17:51:13] 首音→首句播报: 83.82s text=
[2026-07-29 17:51:32] 首音→STT返回: 103.11s text=那么线段有几个端点呢？
[2026-07-29 17:51:32] 首音→首句播报: 103.12s text=
[2026-07-29 17:51:50] 首音→STT返回: 120.85s text=灵犀，我之前还学过苏轼的诗吗？
[2026-07-29 17:51:50] 首音→首句播报: 120.86s text=
[2026-07-29 17:52:11] 首音→STT返回: 141.80s text=灵犀，我做题做好久还是不会，好烦呢，怎么办呀？
[2026-07-29 17:52:11] 首音→首句播报: 141.80s text=
[2026-07-29 17:52:24] 首音→STT返回: 154.83s text=你帮我把闹钟关闭吧
[2026-07-29 17:52:24] 首音→首句播报: 154.84s text=
[2026-07-29 17:52:29] 首音→STT返回: 159.79s text=我不想学习了，灯也关了
[2026-07-29 17:52:29] 首音→首句播报: 159.80s text=
[2026-07-29 17:52:41] 首音→STT返回: 171.79s text=To猫吧还能关掉
[2026-07-29 17:52:41] 首音→首句播报: 171.79s text=
[2026-07-29 17:52:50] 首音→STT返回: 181.12s text=你帮我把台灯关掉
[2026-07-29 17:52:50] 首音→首句播报: 181.13s text=
[2026-07-29 17:53:04] 首音→STT返回: 195.13s text=请帮我背一首题西林壁
[2026-07-29 17:53:04] 首音→首句播报: 195.13s text=
[2026-07-29 17:53:22] 首音→STT返回: 213.43s text=帮我把这台灯打开
[2026-07-29 17:53:22] 首音→首句播报: 213.43s text=
[2026-07-29 17:53:26] 首音→STT返回: 216.86s text=帮我把台灯关了
[2026-07-29 17:53:26] 首音→首句播报: 216.87s text=
[2026-07-29 17:53:35] 首音→STT返回: 226.40s text=其实是五家七十五等于多少
[2026-07-29 17:53:35] 首音→首句播报: 226.42s text=
[2026-07-29 17:53:42] 首音→STT返回: 233.17s text=75+75
[2026-07-29 17:53:42] 首音→首句播报: 233.18s text=
[2026-07-29 17:53:53] 首音→STT返回: 243.61s text=Happy这个英文单词怎么拼
[2026-07-29 17:53:53] 首音→首句播报: 243.62s text=
[2026-07-29 17:54:25] 首音→STT返回: 276.16s text=Query是什么意思？
[2026-07-29 17:54:25] 首音→首句播报: 276.17s text=
[2026-07-29 17:54:29] 首音→STT返回: 280.10s text=Strawberry
[2026-07-29 17:54:29] 首音→首句播报: 280.10s text=
[2026-07-29 17:54:44] 首音→STT返回: 294.58s text=河南今天是否下
[2026-07-29 17:54:44] 首音→首句播报: 294.59s text=
[2026-07-29 17:55:02] 首音→STT返回: 312.94s text=你告诉我洛阳的天气今天怎么样？
[2026-07-29 17:55:02] 首音→首句播报: 312.95s text=
[2026-07-29 17:56:16] 首音→STT返回: 387.39s text=你好灵犀
[2026-07-29 17:56:16] 首音→首句播报: 387.40s text=
[2026-07-29 17:56:23] 首音→STT返回: 394.06s text=你告诉我洛阳的天气怎么样？
[2026-07-29 17:56:23] 首音→首句播报: 394.07s text=
[2026-07-29 17:56:28] 首音→首句播报: 399.22s text=
[2026-07-29 17:56:44] 首音→STT返回: 415.57s text=你帮我查一下
[2026-07-29 17:56:45] 首音→首句播报: 415.57s text=
[2026-07-29 17:56:56] 首音→STT返回: 426.60s text=长沙的天气
[2026-07-29 17:56:56] 首音→首句播报: 426.60s text=
[2026-07-29 18:03:32] 服务启动
[2026-07-29 18:05:59] 服务启动
[2026-07-29 18:06:27] 首音→STT返回: 7.52s text=帮我查一下长沙的天气
[2026-07-29 18:06:27] 首音→首句播报: 7.52s text=
[2026-07-29 18:06:32] 首音→首句播报: 12.88s text=
[2026-07-29 18:07:02] 首音→STT返回: 4.47s text=帮我联网查询一下长沙的天气
[2026-07-29 18:07:02] 首音→首句播报: 4.47s text=
[2026-07-29 18:08:56] 首音→STT返回: 4.48s text=帮我查询一下杭州的天气
[2026-07-29 18:08:56] 首音→首句播报: 4.48s text=
[2026-07-29 18:09:00] 首音→首句播报: 8.35s text=
[2026-07-29 18:09:41] 首音→STT返回: 3.79s text=帮我查询一下洛阳的天气
[2026-07-29 18:09:41] 首音→首句播报: 3.79s text=
[2026-07-29 18:16:42] 首音→STT返回: 424.31s text=我就找这个，我当时找
[2026-07-29 18:16:42] 首音→首句播报: 424.38s text=
[2026-07-29 18:16:47] 首音→首句播报: 429.84s text=
[2026-07-29 18:17:19] 首音→STT返回: 11.96s text=帮我调亮灯光
[2026-07-29 18:17:19] 首音→首句播报: 11.96s text=
[2026-07-29 18:17:28] 首音→STT返回: 20.92s text=帮我灯光调亮一
[2026-07-29 18:17:28] 首音→首句播报: 20.93s text=
[2026-07-29 18:17:35] 首音→STT返回: 27.80s text=帮我把灯调暗一点
[2026-07-29 18:17:35] 首音→首句播报: 27.81s text=
[2026-07-29 18:17:40] 首音→STT返回: 33.14s text=帮我
[2026-07-29 18:17:40] 首音→首句播报: 33.15s text=
[2026-07-29 18:18:08] 首音→STT返回: 61.03s text=你给我说一首苏轼的诗
[2026-07-29 18:18:08] 首音→首句播报: 61.03s text=
[2026-07-29 18:18:57] 首音→STT返回: 109.64s text=是高的。我在我在那个屋就可以，就是在那个在那个一个小会议室里
[2026-07-29 18:18:57] 首音→首句播报: 109.64s text=
[2026-07-29 18:22:02] 首音→STT返回: 295.03s text=帮我查一下明天的天气
[2026-07-29 18:22:02] 首音→首句播报: 295.04s text=
[2026-07-29 18:22:06] 首音→首句播报: 298.80s text=
[2026-07-29 18:22:42] 首音→STT返回: 334.33s text=你给我设你给我解释一下直线
[2026-07-29 18:22:42] 首音→首句播报: 334.33s text=
[2026-07-29 18:24:12] 首音→STT返回: 425.06s text=你给我解释一下直线射线之间的关系
[2026-07-29 18:24:12] 首音→首句播报: 425.06s text=
[2026-07-29 18:24:23] 首音→STT返回: 4.78s text=你就给我解释一下直线，射线、线段的关系
[2026-07-29 18:24:23] 首音→首句播报: 4.79s text=
[2026-07-29 18:25:30] 首音→STT返回: 71.62s text=新啊什么的我们到时候是不是显示的时候不一样
[2026-07-29 18:25:30] 首音→首句播报: 71.62s text=
[2026-07-29 18:26:02] 首音→STT返回: 103.60s text=UI什么就去搞
[2026-07-29 18:26:02] 首音→首句播报: 103.61s text=
[2026-07-29 18:27:11] 服务启动
[2026-07-29 18:29:27] 首音→首句播报: 0.01s text=
[2026-07-29 18:29:31] 首音→首句播报: 4.31s text=
[2026-07-29 18:29:58] 首音→STT返回: 31.39s text=你好
[2026-07-29 18:29:58] 首音→首句播报: 31.39s text=
[2026-07-29 18:30:12] 首音→STT返回: 45.11s text=他这个跟那个服服务
[2026-07-29 18:30:12] 首音→首句播报: 45.11s text=
[2026-07-29 18:30:16] 首音→首句播报: 48.83s text=
[2026-07-29 18:31:57] 服务启动
[2026-07-29 18:32:20] 首音→STT返回: 9.31s text=优化
[2026-07-29 18:32:20] 首音→首句播报: 9.31s text=
[2026-07-29 18:39:06] 首音→STT返回: 415.32s text=现在是几点了？
[2026-07-29 18:39:06] 首音→首句播报: 415.34s text=
[2026-07-29 18:39:09] 首音→首句播报: 418.87s text=
[2026-07-29 18:39:15] 首音→STT返回: 425.05s text=你不要说话了
[2026-07-29 18:39:15] 首音→首句播报: 425.06s text=
[2026-07-29 18:39:22] 首音→STT返回: 432.16s text=我在和我的语音助手对话
[2026-07-29 18:39:22] 首音→首句播报: 432.18s text=
[2026-07-29 18:40:48] 首音→STT返回: 518.05s text=帮我把灯打开
[2026-07-29 18:40:48] 首音→首句播报: 518.07s text=
[2026-07-29 18:40:55] 首音→STT返回: 524.52s text=帮我设定一个30分钟的闹铃
[2026-07-29 18:40:55] 首音→首句播报: 524.53s text=
[2026-07-29 18:41:02] 首音→STT返回: 532.10s text=杭州今天天气
[2026-07-29 18:41:02] 首音→首句播报: 532.11s text=
[2026-07-29 18:41:06] 首音→首句播报: 535.36s text=
[2026-07-29 18:41:20] 首音→STT返回: 549.66s text=帮我
[2026-07-29 18:41:20] 首音→首句播报: 549.67s text=
[2026-07-29 18:41:30] 首音→STT返回: 560.03s text=帮我背一下题西林壁
[2026-07-29 18:41:30] 首音→首句播报: 560.04s text=
[2026-07-29 18:41:54] 首音→STT返回: 584.17s text=我还学过苏轼的哪些诗？
[2026-07-29 18:41:54] 首音→首句播报: 584.17s text=
[2026-07-29 18:42:19] 首音→STT返回: 608.59s text=你能给我解释一下直线射线线段之间的关系吗？
[2026-07-29 18:42:19] 首音→首句播报: 608.60s text=
[2026-07-29 18:42:39] 首音→STT返回: 628.56s text=好的，帮我关闭闹钟
[2026-07-29 18:42:39] 首音→首句播报: 628.57s text=
[2026-07-29 18:42:44] 首音→STT返回: 633.37s text=帮我把台灯调暗一点
[2026-07-29 18:42:44] 首音→首句播报: 633.37s text=
[2026-07-29 18:42:47] 首音→STT返回: 637.18s text=帮我们把台灯关了吧
[2026-07-29 18:42:47] 首音→首句播报: 637.19s text=
[2026-07-29 18:42:51] 首音→STT返回: 641.20s text=好的，拜拜
[2026-07-29 18:42:52] 首音→首句播报: 641.21s text=
[2026-07-29 18:43:09] 首音→STT返回: 658.99s text=这就是五阶的语音助手
[2026-07-29 18:43:09] 首音→首句播报: 658.99s text=
[2026-07-29 18:43:27] 首音→STT返回: 2.14s text=不是为什么，不信你问他？
[2026-07-29 18:43:27] 首音→首句播报: 2.14s text=
[2026-07-29 18:43:48] 首音→STT返回: 22.81s text=对啊
[2026-07-29 18:43:48] 首音→首句播报: 22.82s text=
[2026-07-30 05:54:00] 首音→STT返回: 40235.60s text=现在是几点了？
[2026-07-30 05:54:00] 首音→首句播报: 40235.60s text=
[2026-07-30 05:54:05] 首音→首句播报: 40240.01s text=
[2026-07-30 06:30:37] 服务启动
[2026-07-30 06:31:17] 首音→STT返回: 3.64s text=现在是几点了？
[2026-07-30 06:31:17] 首音→首句播报: 3.64s text=
[2026-07-30 06:31:21] 首音→首句播报: 7.84s text=
[2026-07-30 06:31:30] 首音→STT返回: 16.73s text=请帮我把台灯打开
[2026-07-30 06:31:30] 首音→首句播报: 16.73s text=
[2026-07-30 06:31:36] 首音→STT返回: 23.17s text=请帮我把台灯关闭
[2026-07-30 06:31:36] 首音→首句播报: 23.17s text=
[2026-07-30 06:31:48] 首音→STT返回: 34.93s text=请你给我背一遍题西林壁
[2026-07-30 06:31:48] 首音→首句播报: 34.93s text=
[2026-07-30 06:32:08] 首音→STT返回: 55.46s text=我还喜欢念奴娇赤壁怀古
[2026-07-30 06:32:08] 首音→首句播报: 55.46s text=
[2026-07-30 06:32:27] 首音→STT返回: 74.04s text=帮我设一个15分钟的闹钟
[2026-07-30 06:32:27] 首音→首句播报: 74.05s text=
[2026-07-30 06:32:33] 首音→STT返回: 80.01s text=请帮我把闹钟关闭
[2026-07-30 06:32:33] 首音→首句播报: 80.01s text=
[2026-07-30 06:32:43] 首音→STT返回: 89.71s text=杭州今天天气如何？
[2026-07-30 06:32:43] 首音→首句播报: 89.71s text=
[2026-07-30 06:35:04] 首音→首句播报: 231.30s text=
[2026-07-30 06:43:18] 服务启动
[2026-07-30 06:46:18] 服务启动
[2026-07-30 06:47:26] 服务启动
[2026-07-30 06:48:30] 服务启动
[2026-07-30 06:48:51] 首音→STT返回: 3.85s text=现在是几点呢？
[2026-07-30 06:48:51] 首音→首句播报: 3.85s text=
[2026-07-30 06:49:10] 首音→首句播报: 21.91s text=
[2026-07-30 06:49:22] 首音→STT返回: 34.03s text=你给我背一遍题西林壁
[2026-07-30 06:49:22] 首音→首句播报: 34.03s text=
[2026-07-30 06:49:38] 首音→STT返回: 50.50s text=我还学过苏轼的什么古诗呢？
[2026-07-30 06:49:38] 首音→首句播报: 50.50s text=
[2026-07-30 06:50:15] 首音→STT返回: 87.10s text=给我讲一下
[2026-07-30 06:50:15] 首音→首句播报: 87.10s text=
[2026-07-30 06:51:50] 首音→STT返回: 182.89s text=给我讲一下直线射线线段的区别
[2026-07-30 06:51:50] 首音→首句播报: 182.89s text=
[2026-07-30 06:51:54] 首音→首句播报: 186.43s text=
[2026-07-30 06:52:19] 首音→STT返回: 210.91s text=你说的这个是什么东西？
[2026-07-30 06:52:19] 首音→首句播报: 210.91s text=
[2026-07-30 11:37:50] 服务启动
[2026-07-30 14:28:06] 服务启动
[2026-07-30 14:30:23] 首音→STT返回: 2.83s text=你好灵犀
[2026-07-30 14:30:23] 首音→首句播报: 2.84s text=
[2026-07-30 14:30:28] 首音→首句播报: 7.90s text=
[2026-07-30 14:30:38] 首音→STT返回: 18.25s text=现在是几点了？
[2026-07-30 14:30:38] 首音→首句播报: 18.25s text=
[2026-07-30 14:30:54] 首音→STT返回: 34.63s text=我学过的苏轼的哪些
[2026-07-30 14:30:54] 首音→首句播报: 34.64s text=
[2026-07-30 14:31:21] 首音→STT返回: 61.52s text=你帮我介绍一下直线射线线段之间的区别
[2026-07-30 14:31:21] 首音→首句播报: 61.52s text=
[2026-07-30 14:31:46] 首音→STT返回: 86.29s text=请你帮我打开台灯
[2026-07-30 14:31:46] 首音→首句播报: 86.29s text=
[2026-07-30 14:31:58] 首音→STT返回: 98.53s text=请你帮我关闭台灯
[2026-07-30 14:31:58] 首音→首句播报: 98.53s text=
[2026-07-30 14:32:07] 首音→STT返回: 107.13s text=请你帮我把灯关了
[2026-07-30 14:32:07] 首音→首句播报: 107.13s text=
[2026-07-30 14:32:13] 首音→STT返回: 113.65s text=请你帮我把台灯调亮一点
[2026-07-30 14:32:13] 首音→首句播报: 113.65s text=
[2026-07-30 14:32:17] 首音→STT返回: 117.25s text=调暗一点
[2026-07-30 14:32:17] 首音→首句播报: 117.25s text=
[2026-07-30 14:32:24] 首音→STT返回: 123.88s text=请你帮我设一个5分钟的闹钟
[2026-07-30 14:32:24] 首音→首句播报: 123.88s text=
[2026-07-30 14:32:28] 首音→STT返回: 127.93s text=帮我取消闹钟
[2026-07-30 14:32:28] 首音→首句播报: 127.94s text=
